{
  "somekey": [
    1,
    2,
    {
      "another": true,
      "values": [
        "chau",
        89
      ]
    }
  ]
}